// Jest Snapshot v1, https://goo.gl/fbAQLP

exports[`<Overlay> Default story renders snapshot 1`] = `
Array [
  <div
    style={
      Object {
        "border": "1px solid red",
        "padding": "4px",
      }
    }
  >
    Reference element
  </div>,
  <div
    aria-label="menu-options"
    className="rbt-menu dropdown-menu show"
    id="overlay-story"
    onMouseDown={[Function]}
    overlayRef={[Function]}
    role="listbox"
    style={
      Object {
        "display": "block",
        "left": "0",
        "maxHeight": "300px",
        "overflow": "auto",
        "position": "fixed",
        "top": "0",
      }
    }
  >
    <a
      className="dropdown-item"
      href="#"
      onClick={[Function]}
      role="option"
    >
      This is the menu
    </a>
  </div>,
]
`;
