// Jest Snapshot v1, https://goo.gl/fbAQLP

exports[`<ClearButton> renders a snapshot 1`] = `
<button
  aria-label="Clear"
  className="close rbt-close"
  onClick={[Function]}
  onKeyDown={[Function]}
  type="button"
>
  <span
    aria-hidden="true"
  >
    Ã—
  </span>
  <span
    className="sr-only visually-hidden"
  >
    Clear
  </span>
</button>
`;
