// Jest Snapshot v1, https://goo.gl/fbAQLP

exports[`<BaseMenuItem> renders a snapshot 1`] = `
<a
  className="dropdown-item"
  href="#"
  onClick={[Function]}
>
  This is a base menu item.
</a>
`;

exports[`<MenuItem> renders a snapshot 1`] = `
<a
  aria-selected={false}
  className="dropdown-item"
  href="#"
  id="-item-0"
  onClick={[Function]}
  onMouseDown={[Function]}
  role="option"
>
  This is a menu item.
</a>
`;
