// Jest Snapshot v1, https://goo.gl/fbAQLP

exports[`<Token> renders a snapshot 1`] = `
Array [
  <div
    className="rbt-token rbt-token-removeable"
    onBlur={[Function]}
    onClick={[Function]}
    onFocus={[Function]}
    onKeyDown={[Function]}
    option={
      Object {
        "label": "test option",
      }
    }
    tabIndex={0}
  >
    This is a token
    <button
      aria-label="Remove"
      className="close rbt-close rbt-token-remove-button"
      onClick={[Function]}
      onKeyDown={[Function]}
      tabIndex={-1}
      type="button"
    >
      <span
        aria-hidden="true"
      >
        Ã—
      </span>
      <span
        className="sr-only visually-hidden"
      >
        Remove
      </span>
    </button>
  </div>,
  <div
    className="rbt-token rbt-token-disabled"
  >
    This is a token
  </div>,
  <a
    className="rbt-token"
    href="/path/to/some/url"
  >
    This is a token
  </a>,
]
`;
