// Jest Snapshot v1, https://goo.gl/fbAQLP

exports[`<Input> Default story renders snapshot 1`] = `
<input
  class="rbt-input-main"
/>
`;
